// Jest Snapshot v1, https://goo.gl/fbAQLP

exports[`snapshot matches 1`] = `
<p>
  Hello $
  Enzo
</p>
`;
